// Jest Snapshot v1, https://goo.gl/fbAQLP

exports[`Pruebas en <SearchPage/> Debe mostrarse correctamente, con valores por defecto. 1`] = `""`;
